[creativefox.studio/index.html]
[backblue.gif]
[fade.gif]
[index.html]
[maxcdn.bootstrapcdn.com/bootstrap/3.4.1/css/bootstrap.min.css]
[creativefox.studio/styles/slider.css]
[creativefox.studio/styles/ticker.css]
[creativefox.studio/styles/toggle_buttons.css]
[creativefox.studio/styles/whatsapp.css]
[creativefox.studio/assets/favicon.png]
[maxcdn.bootstrapcdn.com/font-awesome/4.5.0/css/font-awesome.min.css]
[ajax.googleapis.com/ajax/libs/jquery/3.6.3/jquery.min.js]
[maxcdn.bootstrapcdn.com/bootstrap/3.4.1/js/bootstrap.min.js]
[creativefox.studio/assets/bg-top.png]
[creativefox.studio/assets/logo_circle.png]
[creativefox.studio/assets/statue.png]
[creativefox.studio/pre_ordered/index.html]
[creativefox.studio/assets/gd.png]
[creativefox.studio/pdf/Graphic_Design.pdf]
[creativefox.studio/assets/yelloc.png]
[creativefox.studio/assets/6m.png]
[creativefox.studio/pdf/6_month_Diploma.pdf]
[creativefox.studio/assets/ui-ux.png]
[creativefox.studio/pdf/UI_UX_Design.pdf]
[creativefox.studio/assets/Video-Editing.png]
[creativefox.studio/assets/Motion-Graphics.png]
[creativefox.studio/assets/degital.png]
[creativefox.studio/pdf/freelancing.pdf]
[creativefox.studio/assets/pinter.jpg]
[creativefox.studio/assets/reviews/1.png]
[creativefox.studio/assets/reviews/2.png]
[creativefox.studio/assets/reviews/3.png]
[creativefox.studio/assets/reviews/4.png]
[creativefox.studio/assets/reviews/5.png]
[creativefox.studio/assets/reviews/6.png]
[creativefox.studio/assets/loc.png]
[creativefox.studio/assets/pin.png]
[creativefox.studio/assets/gallery_mobile.png]
[creativefox.studio/index.html]
[maxcdn.bootstrapcdn.com/bootstrap/3.4.1/css/bootstrap.min.css]
[creativefox.studio/styles/slider.css]
[creativefox.studio/styles/ticker.css]
[creativefox.studio/styles/toggle_buttons.css]
[creativefox.studio/styles/whatsapp.css]
[maxcdn.bootstrapcdn.com/font-awesome/4.5.0/css/font-awesome.min.css]
[creativefox.studio/assets/bg-top.png]
[creativefox.studio/pre_ordered/images/favicon.png]
[creativefox.studio/pre_ordered/css/bootstrap.min.css]
[cdn.jsdelivr.net/npm/swiper@9/swiper-bundle.min.css]
[creativefox.studio/pre_ordered/css/style.css]
[creativefox.studio/pre_ordered/images/fire.png]
[creativefox.studio/pre_ordered/images/banner1.png]
[creativefox.studio/pre_ordered/images/check-circle.png]
[creativefox.studio/pre_ordered/images/clock.png]
[creativefox.studio/pre_ordered/images/chectbox.png]
[creativefox.studio/pre_ordered/images/monitor.png]
[creativefox.studio/pre_ordered/images/certificate.png]
[creativefox.studio/pre_ordered/images/01.jpg]
[creativefox.studio/pre_ordered/images/02.jpg]
[creativefox.studio/pre_ordered/images/03.jpg]
[creativefox.studio/pre_ordered/images/04.jpg]
[creativefox.studio/pre_ordered/images/05.jpg]
[creativefox.studio/pre_ordered/index.html]
[creativefox.studio/pre_ordered/css/bootstrap.min.css]
[cdn.jsdelivr.net/npm/swiper@9/swiper-bundle.min.css]
[creativefox.studio/pre_ordered/css/style.css]
[creativefox.studio/pre_ordered/images/04.jpg]
[creativefox.studio/pre_ordered/images/07.jpg]
[creativefox.studio/pre_ordered/images/05.jpg]
[creativefox.studio/pre_ordered/images/06.jpg]
[creativefox.studio/pre_ordered/images/08.jpg]
[creativefox.studio/pre_ordered/images/09.jpg]
[creativefox.studio/pre_ordered/images/10.jpg]
[creativefox.studio/pre_ordered/images/11.jpg]
[creativefox.studio/pre_ordered/images/12.jpg]
[creativefox.studio/pre_ordered/images/13.jpg]
[creativefox.studio/pre_ordered/images/15.jpg]
[creativefox.studio/pre_ordered/images/16.jpg]
[creativefox.studio/pre_ordered/images/19.jpg]
[creativefox.studio/pre_ordered/images/20.jpg]
[creativefox.studio/pre_ordered/images/21.jpg]
[creativefox.studio/pre_ordered/images/22.jpg]
[creativefox.studio/pre_ordered/images/26.jpg]
[creativefox.studio/pre_ordered/images/25.jpg]
[creativefox.studio/pre_ordered/images/24.jpg]
[creativefox.studio/pre_ordered/images/27.jpg]
[creativefox.studio/pre_ordered/images/28.jpg]
[creativefox.studio/pre_ordered/images/29.jpg]
[creativefox.studio/pre_ordered/images/32.jpg]
[creativefox.studio/pre_ordered/images/34.jpg]
[creativefox.studio/pre_ordered/images/35.jpg]
[creativefox.studio/pre_ordered/images/36.jpg]
[creativefox.studio/pre_ordered/images/logo1.png]
[creativefox.studio/pre_ordered/images/logo2.png]
[creativefox.studio/pre_ordered/images/logo3.png]
[creativefox.studio/pre_ordered/images/logo4.png]
[creativefox.studio/pre_ordered/images/whatsapp.png]
[creativefox.studio/pre_ordered/images/reviews/1.jpg]
[creativefox.studio/pre_ordered/images/reviews/2.jpg]
[creativefox.studio/pre_ordered/images/reviews/3.jpg]
[creativefox.studio/pre_ordered/images/reviews/5.jpg]
[creativefox.studio/pre_ordered/images/reviews/4.jpg]
[creativefox.studio/pre_ordered/images/reviews/6.jpg]
[creativefox.studio/pre_ordered/images/reviews/8.jpg]
[creativefox.studio/pre_ordered/images/reviews/9.jpg]
[creativefox.studio/pre_ordered/images/reviews/7.jpg]
[creativefox.studio/pre_ordered/images/reviews/11.jpg]
[creativefox.studio/pre_ordered/images/reviews/13.jpg]
[creativefox.studio/pre_ordered/images/reviews/10.jpg]
[creativefox.studio/pre_ordered/images/reviews/12.jpg]
[creativefox.studio/pre_ordered/images/reviews/14.jpg]
[creativefox.studio/pre_ordered/images/reviews/15.jpg]
[creativefox.studio/pre_ordered/js/bootstrap.bundle.min.js]
[creativefox.studio/pre_ordered/images/reviews/16.jpg]
[creativefox.studio/pdf/Graphic_Design.pdf]
[creativefox.studio/pdf/6_month_Diploma.pdf]
[cdn.jsdelivr.net/npm/swiper@9/swiper-bundle.min.js]
[creativefox.studio/pdf/Video_Editing.pdf]
[creativefox.studio/pre_ordered/js/custom.js]
[creativefox.studio/pdf/Motion_Graphics.pdf]
[creativefox.studio/assets/degital.png]
[creativefox.studio/pdf/freelancing.pdf]
[creativefox.studio/assets/Motion-Graphics.png]
[creativefox.studio/assets/pinter.jpg]
[creativefox.studio/assets/ceo.png]
[creativefox.studio/assets/reviews/5.png]
[creativefox.studio/styles/style.html]
[creativefox.studio/assets/reviews/6.png]
[creativefox.studio/pre_ordered/fonts/Couture-Bold.eot]
[creativefox.studio/assets/loc.png]
[creativefox.studio/pre_ordered/fonts/Couture-Boldd41d.eot]
[creativefox.studio/assets/gallery_lap.png]
[creativefox.studio/pre_ordered/fonts/Couture-Bold.woff]
[creativefox.studio/pre_ordered/fonts/Couture-Bold.ttf]
[creativefox.studio/pre_ordered/fonts/Couture-Bold.svg]
[creativefox.studio/pre_ordered/fonts/AkiraExpanded-SuperBold.eot]
[creativefox.studio/pre_ordered/fonts/AkiraExpanded-SuperBold.woff2]
[creativefox.studio/pre_ordered/fonts/AkiraExpanded-SuperBold.woff]
[creativefox.studio/pre_ordered/fonts/AkiraExpanded-SuperBold.ttf]
[creativefox.studio/pre_ordered/fonts/AkiraExpanded-SuperBold.svg]
[creativefox.studio/pre_ordered/fonts/MavenPro-Regulard41d.eot]
[creativefox.studio/pre_ordered/fonts/MavenPro-Regular.eot]
[creativefox.studio/pre_ordered/fonts/MavenPro-Regular.woff2]
[creativefox.studio/pre_ordered/fonts/MavenPro-Regular.woff]
[creativefox.studio/pre_ordered/fonts/Couture-Bold.woff2]
[creativefox.studio/pre_ordered/fonts/MavenPro-Regular.ttf]
[creativefox.studio/pre_ordered/fonts/MavenPro-Regular.svg]
[creativefox.studio/pre_ordered/images/03.jpg]
[creativefox.studio/pre_ordered/images/04.jpg]
[creativefox.studio/pre_ordered/images/02.jpg]
[creativefox.studio/pre_ordered/fonts/AkiraExpanded-SuperBoldd41d.eot]
[creativefox.studio/pre_ordered/images/09.jpg]
[creativefox.studio/pre_ordered/images/07.jpg]
[creativefox.studio/pre_ordered/images/10.jpg]
[creativefox.studio/pre_ordered/images/12.jpg]
[creativefox.studio/pre_ordered/images/13.jpg]
[creativefox.studio/pre_ordered/images/14.jpg]
[creativefox.studio/pre_ordered/images/15.jpg]
[creativefox.studio/pre_ordered/images/19.jpg]
[creativefox.studio/pre_ordered/images/18.jpg]
[creativefox.studio/pre_ordered/images/20.jpg]
[creativefox.studio/pre_ordered/images/22.jpg]
[creativefox.studio/pre_ordered/images/23.jpg]
[creativefox.studio/pre_ordered/images/21.jpg]
[creativefox.studio/pre_ordered/images/24.jpg]
[creativefox.studio/pre_ordered/images/25.jpg]
[creativefox.studio/pre_ordered/images/27.jpg]
[creativefox.studio/pre_ordered/images/28.jpg]
[creativefox.studio/pre_ordered/images/30.jpg]
[creativefox.studio/pre_ordered/images/29.jpg]
[creativefox.studio/pre_ordered/images/31.jpg]
[creativefox.studio/pre_ordered/images/33.jpg]
[creativefox.studio/pre_ordered/images/32.jpg]
[creativefox.studio/pre_ordered/images/34.jpg]
[creativefox.studio/pre_ordered/images/35.jpg]
[creativefox.studio/pre_ordered/images/36.jpg]
[creativefox.studio/pre_ordered/images/37.jpg]
[creativefox.studio/pre_ordered/js/jquery-3.5.1.slim.min.js]
[creativefox.studio/pre_ordered/fonts/Couture-Bold.svg]
[creativefox.studio/pre_ordered/fonts/AkiraExpanded-SuperBold.svg]
[creativefox.studio/pre_ordered/fonts/MavenPro-Regular.svg]
[creativefox.studio/pre_ordered/images/38.jpg]
[cdnjs.cloudflare.com/ajax/libs/jquery/3.1.0/jquery.min.js]
[kit.fontawesome.com/f36598fa78.js]
